
> abdalla-portfolio@1.0.0 build
> next build

  ▲ Next.js 14.2.35

   Creating an optimized production build ...
 ✓ Compiled successfully
   Linting and checking validity of types ...
   Collecting page data ...
   Generating static pages (0/4) ...
   Generating static pages (1/4) 
   Generating static pages (2/4) 
   Generating static pages (3/4) 
 ✓ Generating static pages (4/4)
   Finalizing page optimization ...
   Collecting build traces ...

Route (app)                              Size     First Load JS
┌ ○ /                                    5.28 kB        92.5 kB
└ ○ /_not-found                          873 B          88.1 kB
+ First Load JS shared by all            87.2 kB
  ├ chunks/117-2da535c0e578b6a9.js       31.7 kB
  ├ chunks/fd9d1056-357a9aa7cf7b0906.js  53.6 kB
  └ other shared chunks (total)          1.86 kB


○  (Static)  prerendered as static content

